{
 "Typ": "WyJvYmplY3QiLHsiYmFja2VuZF9hZGRyZXNzX3Bvb2xfaWQiOiJzdHJpbmciLCJiYWNrZW5kX3BvcnQiOiJudW1iZXIiLCJkaXNhYmxlX291dGJvdW5kX3NuYXQiOiJib29sIiwiZW5hYmxlX2Zsb2F0aW5nX2lwIjoiYm9vbCIsImVuYWJsZV90Y3BfcmVzZXQiOiJib29sIiwiZnJvbnRlbmRfaXBfY29uZmlndXJhdGlvbl9pZCI6InN0cmluZyIsImZyb250ZW5kX2lwX2NvbmZpZ3VyYXRpb25fbmFtZSI6InN0cmluZyIsImZyb250ZW5kX3BvcnQiOiJudW1iZXIiLCJpZCI6InN0cmluZyIsImlkbGVfdGltZW91dF9pbl9taW51dGVzIjoibnVtYmVyIiwibG9hZF9kaXN0cmlidXRpb24iOiJzdHJpbmciLCJsb2FkYmFsYW5jZXJfaWQiOiJzdHJpbmciLCJuYW1lIjoic3RyaW5nIiwicHJvYmVfaWQiOiJzdHJpbmciLCJwcm90b2NvbCI6InN0cmluZyIsInJlc291cmNlX2dyb3VwX25hbWUiOiJzdHJpbmciLCJ0aW1lb3V0cyI6WyJvYmplY3QiLHsiY3JlYXRlIjoic3RyaW5nIiwiZGVsZXRlIjoic3RyaW5nIiwicmVhZCI6InN0cmluZyIsInVwZGF0ZSI6InN0cmluZyJ9XX1d",
 "Val": "eyJiYWNrZW5kX2FkZHJlc3NfcG9vbF9pZCI6IiIsImJhY2tlbmRfcG9ydCI6ODAsImRpc2FibGVfb3V0Ym91bmRfc25hdCI6ZmFsc2UsImVuYWJsZV9mbG9hdGluZ19pcCI6ZmFsc2UsImVuYWJsZV90Y3BfcmVzZXQiOmZhbHNlLCJmcm9udGVuZF9pcF9jb25maWd1cmF0aW9uX2lkIjoiL3N1YnNjcmlwdGlvbnMvOGNiNDMzNDctYTc5Zi00YmIyLWE4YjQtYzgzOGI0MWZhNWE1L3Jlc291cmNlR3JvdXBzL3JhcGhhZWwtZGV2L3Byb3ZpZGVycy9NaWNyb3NvZnQuTmV0d29yay9sb2FkQmFsYW5jZXJzL1Rlc3RMb2FkQmFsYW5jZXIvZnJvbnRlbmRJUENvbmZpZ3VyYXRpb25zL1B1YmxpY0lQQWRkcmVzcyIsImZyb250ZW5kX2lwX2NvbmZpZ3VyYXRpb25fbmFtZSI6IlB1YmxpY0lQQWRkcmVzcyIsImZyb250ZW5kX3BvcnQiOjgwLCJpZCI6Ii9zdWJzY3JpcHRpb25zLzhjYjQzMzQ3LWE3OWYtNGJiMi1hOGI0LWM4MzhiNDFmYTVhNS9yZXNvdXJjZUdyb3Vwcy9yYXBoYWVsLWRldi9wcm92aWRlcnMvTWljcm9zb2Z0Lk5ldHdvcmsvbG9hZEJhbGFuY2Vycy9UZXN0TG9hZEJhbGFuY2VyL2xvYWRCYWxhbmNpbmdSdWxlcy9MQlJ1bGUyIiwiaWRsZV90aW1lb3V0X2luX21pbnV0ZXMiOjQsImxvYWRfZGlzdHJpYnV0aW9uIjoiRGVmYXVsdCIsImxvYWRiYWxhbmNlcl9pZCI6Ii9zdWJzY3JpcHRpb25zLzhjYjQzMzQ3LWE3OWYtNGJiMi1hOGI0LWM4MzhiNDFmYTVhNS9yZXNvdXJjZUdyb3Vwcy9yYXBoYWVsLWRldi9wcm92aWRlcnMvTWljcm9zb2Z0Lk5ldHdvcmsvbG9hZEJhbGFuY2Vycy9UZXN0TG9hZEJhbGFuY2VyIiwibmFtZSI6IkxCUnVsZTIiLCJwcm9iZV9pZCI6IiIsInByb3RvY29sIjoiVGNwIiwicmVzb3VyY2VfZ3JvdXBfbmFtZSI6InJhcGhhZWwtZGV2IiwidGltZW91dHMiOnsiY3JlYXRlIjpudWxsLCJkZWxldGUiOm51bGwsInJlYWQiOm51bGwsInVwZGF0ZSI6bnVsbH19",
 "Err": null
}