{
 "Typ": "WyJvYmplY3QiLHsiYmFja2VuZF9hZGRyZXNzX3Bvb2xfaWQiOiJzdHJpbmciLCJiYWNrZW5kX3BvcnQiOiJudW1iZXIiLCJkaXNhYmxlX291dGJvdW5kX3NuYXQiOiJib29sIiwiZW5hYmxlX2Zsb2F0aW5nX2lwIjoiYm9vbCIsImVuYWJsZV90Y3BfcmVzZXQiOiJib29sIiwiZnJvbnRlbmRfaXBfY29uZmlndXJhdGlvbl9pZCI6InN0cmluZyIsImZyb250ZW5kX2lwX2NvbmZpZ3VyYXRpb25fbmFtZSI6InN0cmluZyIsImZyb250ZW5kX3BvcnQiOiJudW1iZXIiLCJpZCI6InN0cmluZyIsImlkbGVfdGltZW91dF9pbl9taW51dGVzIjoibnVtYmVyIiwibG9hZF9kaXN0cmlidXRpb24iOiJzdHJpbmciLCJsb2FkYmFsYW5jZXJfaWQiOiJzdHJpbmciLCJuYW1lIjoic3RyaW5nIiwicHJvYmVfaWQiOiJzdHJpbmciLCJwcm90b2NvbCI6InN0cmluZyIsInJlc291cmNlX2dyb3VwX25hbWUiOiJzdHJpbmciLCJ0aW1lb3V0cyI6WyJvYmplY3QiLHsiY3JlYXRlIjoic3RyaW5nIiwiZGVsZXRlIjoic3RyaW5nIiwicmVhZCI6InN0cmluZyIsInVwZGF0ZSI6InN0cmluZyJ9XX1d",
 "Val": "eyJiYWNrZW5kX2FkZHJlc3NfcG9vbF9pZCI6IiIsImJhY2tlbmRfcG9ydCI6MzM4OSwiZGlzYWJsZV9vdXRib3VuZF9zbmF0IjpmYWxzZSwiZW5hYmxlX2Zsb2F0aW5nX2lwIjpmYWxzZSwiZW5hYmxlX3RjcF9yZXNldCI6ZmFsc2UsImZyb250ZW5kX2lwX2NvbmZpZ3VyYXRpb25faWQiOiIvc3Vic2NyaXB0aW9ucy84Y2I0MzM0Ny1hNzlmLTRiYjItYThiNC1jODM4YjQxZmE1YTUvcmVzb3VyY2VHcm91cHMvcmFwaGFlbC1kZXYvcHJvdmlkZXJzL01pY3Jvc29mdC5OZXR3b3JrL2xvYWRCYWxhbmNlcnMvVGVzdExvYWRCYWxhbmNlci9mcm9udGVuZElQQ29uZmlndXJhdGlvbnMvUHVibGljSVBBZGRyZXNzIiwiZnJvbnRlbmRfaXBfY29uZmlndXJhdGlvbl9uYW1lIjoiUHVibGljSVBBZGRyZXNzIiwiZnJvbnRlbmRfcG9ydCI6MzM4OSwiaWQiOiIvc3Vic2NyaXB0aW9ucy84Y2I0MzM0Ny1hNzlmLTRiYjItYThiNC1jODM4YjQxZmE1YTUvcmVzb3VyY2VHcm91cHMvcmFwaGFlbC1kZXYvcHJvdmlkZXJzL01pY3Jvc29mdC5OZXR3b3JrL2xvYWRCYWxhbmNlcnMvVGVzdExvYWRCYWxhbmNlci9sb2FkQmFsYW5jaW5nUnVsZXMvTEJSdWxlIiwiaWRsZV90aW1lb3V0X2luX21pbnV0ZXMiOjQsImxvYWRfZGlzdHJpYnV0aW9uIjoiRGVmYXVsdCIsImxvYWRiYWxhbmNlcl9pZCI6Ii9zdWJzY3JpcHRpb25zLzhjYjQzMzQ3LWE3OWYtNGJiMi1hOGI0LWM4MzhiNDFmYTVhNS9yZXNvdXJjZUdyb3Vwcy9yYXBoYWVsLWRldi9wcm92aWRlcnMvTWljcm9zb2Z0Lk5ldHdvcmsvbG9hZEJhbGFuY2Vycy9UZXN0TG9hZEJhbGFuY2VyIiwibmFtZSI6IkxCUnVsZSIsInByb2JlX2lkIjoiIiwicHJvdG9jb2wiOiJUY3AiLCJyZXNvdXJjZV9ncm91cF9uYW1lIjoicmFwaGFlbC1kZXYiLCJ0aW1lb3V0cyI6eyJjcmVhdGUiOm51bGwsImRlbGV0ZSI6bnVsbCwicmVhZCI6bnVsbCwidXBkYXRlIjpudWxsfX0=",
 "Err": null
}