{
 "Typ": "WyJvYmplY3QiLHsiYnVja2V0Ijoic3RyaW5nIiwiZmlsdGVyIjpbImxpc3QiLFsib2JqZWN0Iix7InByZWZpeCI6InN0cmluZyIsInRhZ3MiOlsibWFwIiwic3RyaW5nIl19XV0sImlkIjoic3RyaW5nIiwibmFtZSI6InN0cmluZyJ9XQ==",
 "Val": "eyJidWNrZXQiOiJidWNrZXQtbWFydGluLXRlc3QtZHJpZnQyIiwiZmlsdGVyIjpudWxsLCJpZCI6ImJ1Y2tldC1tYXJ0aW4tdGVzdC1kcmlmdDI6TWV0cmljc19CdWNrZXQyIiwibmFtZSI6Ik1ldHJpY3NfQnVja2V0MiJ9",
 "Err": null
}