{
 "Typ": "WyJvYmplY3QiLHsiYnVja2V0Ijoic3RyaW5nIiwiZmlsdGVyIjpbImxpc3QiLFsib2JqZWN0Iix7InByZWZpeCI6InN0cmluZyIsInRhZ3MiOlsibWFwIiwic3RyaW5nIl19XV0sImlkIjoic3RyaW5nIiwibmFtZSI6InN0cmluZyJ9XQ==",
 "Val": "bnVsbA==",
 "Err": null
}