[
 {
  "fqdn": "testtxt.thisisatestusingtf.com.",
  "id": "/subscriptions/8cb43347-a79f-4bb2-a8b4-c838b41fa5a5/resourceGroups/martin-dev/providers/Microsoft.Network/privateDnsZones/thisisatestusingtf.com/TXT/testtxt",
  "name": "testtxt",
  "record": [
   {
    "value": "this is value line 3"
   }
  ],
  "resource_group_name": "martin-dev",
  "tags": null,
  "timeouts": {},
  "ttl": 300,
  "zone_name": "thisisatestusingtf.com"
 },
 {
  "fqdn": "othertesttxt.thisisatestusingtf.com.",
  "id": "/subscriptions/8cb43347-a79f-4bb2-a8b4-c838b41fa5a5/resourceGroups/martin-dev/providers/Microsoft.Network/privateDnsZones/thisisatestusingtf.com/TXT/othertesttxt",
  "name": "othertesttxt",
  "record": [
   {
    "value": "this is value line 1"
   },
   {
    "value": "this is value line 2"
   }
  ],
  "resource_group_name": "martin-dev",
  "tags": null,
  "timeouts": {},
  "ttl": 300,
  "zone_name": "thisisatestusingtf.com"
 }
]