{
 "Typ": "WyJvYmplY3QiLHsiYXJuIjoic3RyaW5nIiwiYXNzdW1lX3JvbGVfcG9saWN5Ijoic3RyaW5nIiwiY3JlYXRlX2RhdGUiOiJzdHJpbmciLCJkZXNjcmlwdGlvbiI6InN0cmluZyIsImZvcmNlX2RldGFjaF9wb2xpY2llcyI6ImJvb2wiLCJpZCI6InN0cmluZyIsIm1heF9zZXNzaW9uX2R1cmF0aW9uIjoibnVtYmVyIiwibmFtZSI6InN0cmluZyIsIm5hbWVfcHJlZml4Ijoic3RyaW5nIiwicGF0aCI6InN0cmluZyIsInBlcm1pc3Npb25zX2JvdW5kYXJ5Ijoic3RyaW5nIiwidGFncyI6WyJtYXAiLCJzdHJpbmciXSwidW5pcXVlX2lkIjoic3RyaW5nIn1d",
 "Val": "eyJhcm4iOiJhcm46YXdzOmlhbTo6OTI5MzI3MDY1MzMzOnJvbGUvdGVzdC90ZXN0X3JvbGVfMCIsImFzc3VtZV9yb2xlX3BvbGljeSI6IntcIlZlcnNpb25cIjpcIjIwMTItMTAtMTdcIixcIlN0YXRlbWVudFwiOlt7XCJTaWRcIjpcIlwiLFwiRWZmZWN0XCI6XCJBbGxvd1wiLFwiUHJpbmNpcGFsXCI6e1wiU2VydmljZVwiOlwiZWMyLmFtYXpvbmF3cy5jb21cIn0sXCJBY3Rpb25cIjpcInN0czpBc3N1bWVSb2xlXCJ9XX0iLCJjcmVhdGVfZGF0ZSI6IjIwMjAtMTEtMDRUMTA6MDk6MzdaIiwiZGVzY3JpcHRpb24iOiJ0ZXN0IiwiZm9yY2VfZGV0YWNoX3BvbGljaWVzIjpudWxsLCJpZCI6InRlc3Rfcm9sZV8wIiwibWF4X3Nlc3Npb25fZHVyYXRpb24iOjM2MDAsIm5hbWUiOiJ0ZXN0X3JvbGVfMCIsIm5hbWVfcHJlZml4IjpudWxsLCJwYXRoIjoiL3Rlc3QvIiwicGVybWlzc2lvbnNfYm91bmRhcnkiOm51bGwsInRhZ3MiOnsiZm9vIjoiYmFyMCJ9LCJ1bmlxdWVfaWQiOiJBUk9BNVFZQlZWRDI0WVNUSlhISE8ifQ==",
 "Err": null
}