{
 "Typ": "WyJvYmplY3QiLHsiYXJuIjoic3RyaW5nIiwiaWQiOiJzdHJpbmciLCJwb2xpY3kiOiJzdHJpbmcifV0=",
 "Val": "eyJhcm4iOiJhcm46YXdzOnNuczp1cy1lYXN0LTE6NTI2OTU0OTI5OTIzOm15LXRvcGljLXdpdGgtcG9saWN5MiIsImlkIjoiYXJuOmF3czpzbnM6dXMtZWFzdC0xOjUyNjk1NDkyOTkyMzpteS10b3BpYy13aXRoLXBvbGljeTIiLCJwb2xpY3kiOiJ7XCJWZXJzaW9uXCI6XCIyMDEyLTEwLTE3XCIsXCJJZFwiOlwiX19kZWZhdWx0X3BvbGljeV9JRFwiLFwiU3RhdGVtZW50XCI6W3tcIlNpZFwiOlwiX19kZWZhdWx0X3N0YXRlbWVudF9JRFwiLFwiRWZmZWN0XCI6XCJBbGxvd1wiLFwiUHJpbmNpcGFsXCI6e1wiQVdTXCI6XCIqXCJ9LFwiQWN0aW9uXCI6W1wiU05TOlN1YnNjcmliZVwiLFwiU05TOlNldFRvcGljQXR0cmlidXRlc1wiLFwiU05TOlJlbW92ZVBlcm1pc3Npb25cIixcIlNOUzpSZWNlaXZlXCIsXCJTTlM6UHVibGlzaFwiLFwiU05TOkxpc3RTdWJzY3JpcHRpb25zQnlUb3BpY1wiLFwiU05TOkdldFRvcGljQXR0cmlidXRlc1wiLFwiU05TOkRlbGV0ZVRvcGljXCIsXCJTTlM6QWRkUGVybWlzc2lvblwiXSxcIlJlc291cmNlXCI6XCJhcm46YXdzOnNuczp1cy1lYXN0LTE6NTI2OTU0OTI5OTIzOm15LXRvcGljLXdpdGgtcG9saWN5XCIsXCJDb25kaXRpb25cIjp7XCJTdHJpbmdFcXVhbHNcIjp7XCJBV1M6U291cmNlT3duZXJcIjpbXX19fV19In0=",
 "Err": null
}