{"Typ":"WyJvYmplY3QiLHsiYXJuIjoic3RyaW5nIiwiZGVhZF9sZXR0ZXJfY29uZmlnIjpbImxpc3QiLFsib2JqZWN0Iix7InRhcmdldF9hcm4iOiJzdHJpbmcifV1dLCJkZXNjcmlwdGlvbiI6InN0cmluZyIsImVudmlyb25tZW50IjpbImxpc3QiLFsib2JqZWN0Iix7InZhcmlhYmxlcyI6WyJtYXAiLCJzdHJpbmciXX1dXSwiZmlsZV9zeXN0ZW1fY29uZmlnIjpbImxpc3QiLFsib2JqZWN0Iix7ImFybiI6InN0cmluZyIsImxvY2FsX21vdW50X3BhdGgiOiJzdHJpbmcifV1dLCJmaWxlbmFtZSI6InN0cmluZyIsImZ1bmN0aW9uX25hbWUiOiJzdHJpbmciLCJoYW5kbGVyIjoic3RyaW5nIiwiaWQiOiJzdHJpbmciLCJpbnZva2VfYXJuIjoic3RyaW5nIiwia21zX2tleV9hcm4iOiJzdHJpbmciLCJsYXN0X21vZGlmaWVkIjoic3RyaW5nIiwibGF5ZXJzIjpbImxpc3QiLCJzdHJpbmciXSwibWVtb3J5X3NpemUiOiJudW1iZXIiLCJwdWJsaXNoIjoiYm9vbCIsInF1YWxpZmllZF9hcm4iOiJzdHJpbmciLCJyZXNlcnZlZF9jb25jdXJyZW50X2V4ZWN1dGlvbnMiOiJudW1iZXIiLCJyb2xlIjoic3RyaW5nIiwicnVudGltZSI6InN0cmluZyIsInMzX2J1Y2tldCI6InN0cmluZyIsInMzX2tleSI6InN0cmluZyIsInMzX29iamVjdF92ZXJzaW9uIjoic3RyaW5nIiwic291cmNlX2NvZGVfaGFzaCI6InN0cmluZyIsInNvdXJjZV9jb2RlX3NpemUiOiJudW1iZXIiLCJ0YWdzIjpbIm1hcCIsInN0cmluZyJdLCJ0aW1lb3V0IjoibnVtYmVyIiwidGltZW91dHMiOlsib2JqZWN0Iix7ImNyZWF0ZSI6InN0cmluZyJ9XSwidHJhY2luZ19jb25maWciOlsibGlzdCIsWyJvYmplY3QiLHsibW9kZSI6InN0cmluZyJ9XV0sInZlcnNpb24iOiJzdHJpbmciLCJ2cGNfY29uZmlnIjpbImxpc3QiLFsib2JqZWN0Iix7InNlY3VyaXR5X2dyb3VwX2lkcyI6WyJzZXQiLCJzdHJpbmciXSwic3VibmV0X2lkcyI6WyJzZXQiLCJzdHJpbmciXSwidnBjX2lkIjoic3RyaW5nIn1dXX1d","Val":"eyJhcm4iOiJhcm46YXdzOmxhbWJkYTpldS13ZXN0LTM6MDQ3MDgxMDE0MzE1OmZ1bmN0aW9uOmJhciIsImRlYWRfbGV0dGVyX2NvbmZpZyI6W10sImRlc2NyaXB0aW9uIjoiIiwiZW52aXJvbm1lbnQiOltdLCJmaWxlX3N5c3RlbV9jb25maWciOltdLCJmaWxlbmFtZSI6bnVsbCwiZnVuY3Rpb25fbmFtZSI6ImJhciIsImhhbmRsZXIiOiJsYW1iZGEuaGFuZGxlciIsImlkIjoiYmFyIiwiaW52b2tlX2FybiI6ImFybjphd3M6YXBpZ2F0ZXdheTpldS13ZXN0LTM6bGFtYmRhOnBhdGgvMjAxNS0wMy0zMS9mdW5jdGlvbnMvYXJuOmF3czpsYW1iZGE6ZXUtd2VzdC0zOjA0NzA4MTAxNDMxNTpmdW5jdGlvbjpiYXIvaW52b2NhdGlvbnMiLCJrbXNfa2V5X2FybiI6IiIsImxhc3RfbW9kaWZpZWQiOiIyMDIwLTEwLTE2VDA5OjA0OjQyLjA1MCswMDAwIiwibGF5ZXJzIjpbXSwibWVtb3J5X3NpemUiOjEyOCwicHVibGlzaCI6bnVsbCwicXVhbGlmaWVkX2FybiI6ImFybjphd3M6bGFtYmRhOmV1LXdlc3QtMzowNDcwODEwMTQzMTU6ZnVuY3Rpb246YmFyOiRMQVRFU1QiLCJyZXNlcnZlZF9jb25jdXJyZW50X2V4ZWN1dGlvbnMiOi0xLCJyb2xlIjoiYXJuOmF3czppYW06OjA0NzA4MTAxNDMxNTpyb2xlL2lhbV9mb3JfbGFtYmRhIiwicnVudGltZSI6Im5vZGVqczEyLngiLCJzM19idWNrZXQiOm51bGwsInMzX2tleSI6bnVsbCwiczNfb2JqZWN0X3ZlcnNpb24iOm51bGwsInNvdXJjZV9jb2RlX2hhc2giOiJQb2FBRWVPQ21FRlpvam5yaEVKdk56cytqZzcvdzFsTDlHaUZZdmxNNmF3PSIsInNvdXJjZV9jb2RlX3NpemUiOjM1MiwidGFncyI6e30sInRpbWVvdXQiOjMsInRpbWVvdXRzIjp7ImNyZWF0ZSI6bnVsbH0sInRyYWNpbmdfY29uZmlnIjpbeyJtb2RlIjoiUGFzc1Rocm91Z2gifV0sInZlcnNpb24iOiIkTEFURVNUIiwidnBjX2NvbmZpZyI6W119","Err":null}