{"Typ":"WyJvYmplY3QiLHsiYXJuIjoic3RyaW5nIiwiZGF0YV9lbmNyeXB0aW9uX2tleV9pZCI6InN0cmluZyIsImRlc2NyaXB0aW9uIjoic3RyaW5nIiwiZW5jcnlwdGVkIjoiYm9vbCIsImlkIjoic3RyaW5nIiwia21zX2tleV9pZCI6InN0cmluZyIsIm93bmVyX2FsaWFzIjoic3RyaW5nIiwib3duZXJfaWQiOiJzdHJpbmciLCJ0YWdzIjpbIm1hcCIsInN0cmluZyJdLCJ0aW1lb3V0cyI6WyJvYmplY3QiLHsiY3JlYXRlIjoic3RyaW5nIiwiZGVsZXRlIjoic3RyaW5nIn1dLCJ2b2x1bWVfaWQiOiJzdHJpbmciLCJ2b2x1bWVfc2l6ZSI6Im51bWJlciJ9XQ==","Val":"eyJhcm4iOiJhcm46YXdzOmVjMjpldS13ZXN0LTM6OnNuYXBzaG90L3NuYXAtMGM1MDlhMmE4ODBkOTVhMzkiLCJkYXRhX2VuY3J5cHRpb25fa2V5X2lkIjoiIiwiZGVzY3JpcHRpb24iOiJUZXN0IiwiZW5jcnlwdGVkIjpmYWxzZSwiaWQiOiJzbmFwLTBjNTA5YTJhODgwZDk1YTM5Iiwia21zX2tleV9pZCI6IiIsIm93bmVyX2FsaWFzIjoiIiwib3duZXJfaWQiOiIwNDcwODEwMTQzMTUiLCJ0YWdzIjp7fSwidGltZW91dHMiOnsiY3JlYXRlIjpudWxsLCJkZWxldGUiOm51bGx9LCJ2b2x1bWVfaWQiOiJ2b2wtMDgxYzcyNzJhNTdhMDlkYjEiLCJ2b2x1bWVfc2l6ZSI6OH0=","Err":null}