{
 "Typ": "WyJvYmplY3QiLHsiaWQiOiJzdHJpbmciLCJuYW1lIjoic3RyaW5nIiwibmFtZV9wcmVmaXgiOiJzdHJpbmciLCJwb2xpY3kiOiJzdHJpbmciLCJ1c2VyIjoic3RyaW5nIn1d",
 "Val": "bnVsbA==",
 "Err": null
}