{
 "Typ": "WyJvYmplY3QiLHsiaWQiOiJzdHJpbmciLCJuYW1lIjoic3RyaW5nIiwibmFtZV9wcmVmaXgiOiJzdHJpbmciLCJwb2xpY3kiOiJzdHJpbmciLCJ1c2VyIjoic3RyaW5nIn1d",
 "Val": "eyJpZCI6ImxvYWRiYWxhbmNlcjp0ZXN0IiwibmFtZSI6InRlc3QiLCJuYW1lX3ByZWZpeCI6bnVsbCwicG9saWN5Ijoie1xuICBcIlZlcnNpb25cIjogXCIyMDEyLTEwLTE3XCIsXG4gIFwiU3RhdGVtZW50XCI6IFtcbiAgICB7XG4gICAgICBcIkFjdGlvblwiOiBbXG4gICAgICAgIFwiZWMyOkRlc2NyaWJlKlwiXG4gICAgICBdLFxuICAgICAgXCJFZmZlY3RcIjogXCJBbGxvd1wiLFxuICAgICAgXCJSZXNvdXJjZVwiOiBcIipcIlxuICAgIH1cbiAgXVxufVxuIiwidXNlciI6ImxvYWRiYWxhbmNlciJ9",
 "Err": null
}