{
 "Typ": "WyJvYmplY3QiLHsiYW1pIjoic3RyaW5nIiwiYXJuIjoic3RyaW5nIiwiYXNzb2NpYXRlX3B1YmxpY19pcF9hZGRyZXNzIjoiYm9vbCIsImF2YWlsYWJpbGl0eV96b25lIjoic3RyaW5nIiwiY3B1X2NvcmVfY291bnQiOiJudW1iZXIiLCJjcHVfdGhyZWFkc19wZXJfY29yZSI6Im51bWJlciIsImNyZWRpdF9zcGVjaWZpY2F0aW9uIjpbImxpc3QiLFsib2JqZWN0Iix7ImNwdV9jcmVkaXRzIjoic3RyaW5nIn1dXSwiZGlzYWJsZV9hcGlfdGVybWluYXRpb24iOiJib29sIiwiZWJzX2Jsb2NrX2RldmljZSI6WyJzZXQiLFsib2JqZWN0Iix7ImRlbGV0ZV9vbl90ZXJtaW5hdGlvbiI6ImJvb2wiLCJkZXZpY2VfbmFtZSI6InN0cmluZyIsImVuY3J5cHRlZCI6ImJvb2wiLCJpb3BzIjoibnVtYmVyIiwia21zX2tleV9pZCI6InN0cmluZyIsInNuYXBzaG90X2lkIjoic3RyaW5nIiwidm9sdW1lX2lkIjoic3RyaW5nIiwidm9sdW1lX3NpemUiOiJudW1iZXIiLCJ2b2x1bWVfdHlwZSI6InN0cmluZyJ9XV0sImVic19vcHRpbWl6ZWQiOiJib29sIiwiZXBoZW1lcmFsX2Jsb2NrX2RldmljZSI6WyJzZXQiLFsib2JqZWN0Iix7ImRldmljZV9uYW1lIjoic3RyaW5nIiwibm9fZGV2aWNlIjoiYm9vbCIsInZpcnR1YWxfbmFtZSI6InN0cmluZyJ9XV0sImdldF9wYXNzd29yZF9kYXRhIjoiYm9vbCIsImhpYmVybmF0aW9uIjoiYm9vbCIsImhvc3RfaWQiOiJzdHJpbmciLCJpYW1faW5zdGFuY2VfcHJvZmlsZSI6InN0cmluZyIsImlkIjoic3RyaW5nIiwiaW5zdGFuY2VfaW5pdGlhdGVkX3NodXRkb3duX2JlaGF2aW9yIjoic3RyaW5nIiwiaW5zdGFuY2Vfc3RhdGUiOiJzdHJpbmciLCJpbnN0YW5jZV90eXBlIjoic3RyaW5nIiwiaXB2Nl9hZGRyZXNzX2NvdW50IjoibnVtYmVyIiwiaXB2Nl9hZGRyZXNzZXMiOlsibGlzdCIsInN0cmluZyJdLCJrZXlfbmFtZSI6InN0cmluZyIsIm1ldGFkYXRhX29wdGlvbnMiOlsibGlzdCIsWyJvYmplY3QiLHsiaHR0cF9lbmRwb2ludCI6InN0cmluZyIsImh0dHBfcHV0X3Jlc3BvbnNlX2hvcF9saW1pdCI6Im51bWJlciIsImh0dHBfdG9rZW5zIjoic3RyaW5nIn1dXSwibW9uaXRvcmluZyI6ImJvb2wiLCJuZXR3b3JrX2ludGVyZmFjZSI6WyJzZXQiLFsib2JqZWN0Iix7ImRlbGV0ZV9vbl90ZXJtaW5hdGlvbiI6ImJvb2wiLCJkZXZpY2VfaW5kZXgiOiJudW1iZXIiLCJuZXR3b3JrX2ludGVyZmFjZV9pZCI6InN0cmluZyJ9XV0sIm91dHBvc3RfYXJuIjoic3RyaW5nIiwicGFzc3dvcmRfZGF0YSI6InN0cmluZyIsInBsYWNlbWVudF9ncm91cCI6InN0cmluZyIsInByaW1hcnlfbmV0d29ya19pbnRlcmZhY2VfaWQiOiJzdHJpbmciLCJwcml2YXRlX2RucyI6InN0cmluZyIsInByaXZhdGVfaXAiOiJzdHJpbmciLCJwdWJsaWNfZG5zIjoic3RyaW5nIiwicHVibGljX2lwIjoic3RyaW5nIiwicm9vdF9ibG9ja19kZXZpY2UiOlsibGlzdCIsWyJvYmplY3QiLHsiZGVsZXRlX29uX3Rlcm1pbmF0aW9uIjoiYm9vbCIsImRldmljZV9uYW1lIjoic3RyaW5nIiwiZW5jcnlwdGVkIjoiYm9vbCIsImlvcHMiOiJudW1iZXIiLCJrbXNfa2V5X2lkIjoic3RyaW5nIiwidm9sdW1lX2lkIjoic3RyaW5nIiwidm9sdW1lX3NpemUiOiJudW1iZXIiLCJ2b2x1bWVfdHlwZSI6InN0cmluZyJ9XV0sInNlY29uZGFyeV9wcml2YXRlX2lwcyI6WyJzZXQiLCJzdHJpbmciXSwic2VjdXJpdHlfZ3JvdXBzIjpbInNldCIsInN0cmluZyJdLCJzb3VyY2VfZGVzdF9jaGVjayI6ImJvb2wiLCJzdWJuZXRfaWQiOiJzdHJpbmciLCJ0YWdzIjpbIm1hcCIsInN0cmluZyJdLCJ0ZW5hbmN5Ijoic3RyaW5nIiwidGltZW91dHMiOlsib2JqZWN0Iix7ImNyZWF0ZSI6InN0cmluZyIsImRlbGV0ZSI6InN0cmluZyIsInVwZGF0ZSI6InN0cmluZyJ9XSwidXNlcl9kYXRhIjoic3RyaW5nIiwidXNlcl9kYXRhX2Jhc2U2NCI6InN0cmluZyIsInZvbHVtZV90YWdzIjpbIm1hcCIsInN0cmluZyJdLCJ2cGNfc2VjdXJpdHlfZ3JvdXBfaWRzIjpbInNldCIsInN0cmluZyJdfV0=",
 "Val": "bnVsbA==",
 "Err": null
}