{"Typ":"WyJvYmplY3QiLHsiYWxpYXMiOlsic2V0IixbIm9iamVjdCIseyJldmFsdWF0ZV90YXJnZXRfaGVhbHRoIjoiYm9vbCIsIm5hbWUiOiJzdHJpbmciLCJ6b25lX2lkIjoic3RyaW5nIn1dXSwiYWxsb3dfb3ZlcndyaXRlIjoiYm9vbCIsImZhaWxvdmVyX3JvdXRpbmdfcG9saWN5IjpbImxpc3QiLFsib2JqZWN0Iix7InR5cGUiOiJzdHJpbmcifV1dLCJmcWRuIjoic3RyaW5nIiwiZ2VvbG9jYXRpb25fcm91dGluZ19wb2xpY3kiOlsibGlzdCIsWyJvYmplY3QiLHsiY29udGluZW50Ijoic3RyaW5nIiwiY291bnRyeSI6InN0cmluZyIsInN1YmRpdmlzaW9uIjoic3RyaW5nIn1dXSwiaGVhbHRoX2NoZWNrX2lkIjoic3RyaW5nIiwiaWQiOiJzdHJpbmciLCJsYXRlbmN5X3JvdXRpbmdfcG9saWN5IjpbImxpc3QiLFsib2JqZWN0Iix7InJlZ2lvbiI6InN0cmluZyJ9XV0sIm11bHRpdmFsdWVfYW5zd2VyX3JvdXRpbmdfcG9saWN5IjoiYm9vbCIsIm5hbWUiOiJzdHJpbmciLCJyZWNvcmRzIjpbInNldCIsInN0cmluZyJdLCJzZXRfaWRlbnRpZmllciI6InN0cmluZyIsInR0bCI6Im51bWJlciIsInR5cGUiOiJzdHJpbmciLCJ3ZWlnaHRlZF9yb3V0aW5nX3BvbGljeSI6WyJsaXN0IixbIm9iamVjdCIseyJ3ZWlnaHQiOiJudW1iZXIifV1dLCJ6b25lX2lkIjoic3RyaW5nIn1d","Val":"eyJhbGlhcyI6bnVsbCwiYWxsb3dfb3ZlcndyaXRlIjpudWxsLCJmYWlsb3Zlcl9yb3V0aW5nX3BvbGljeSI6bnVsbCwiZnFkbiI6InRlc3QyLmZvby0xLmNvbSIsImdlb2xvY2F0aW9uX3JvdXRpbmdfcG9saWN5IjpudWxsLCJoZWFsdGhfY2hlY2tfaWQiOiIiLCJpZCI6IloxMDM0NzM4M0hWNzVIOTZKOTE5V190ZXN0Ml9BIiwibGF0ZW5jeV9yb3V0aW5nX3BvbGljeSI6bnVsbCwibXVsdGl2YWx1ZV9hbnN3ZXJfcm91dGluZ19wb2xpY3kiOm51bGwsIm5hbWUiOiJ0ZXN0MiIsInJlY29yZHMiOlsiMS4yLjMuNCJdLCJzZXRfaWRlbnRpZmllciI6IiIsInR0bCI6MzAwLCJ0eXBlIjoiQSIsIndlaWdodGVkX3JvdXRpbmdfcG9saWN5IjpudWxsLCJ6b25lX2lkIjoiWjEwMzQ3MzgzSFY3NUg5Nko5MTlXIn0=","Err":null}