{
 "Typ": "WyJvYmplY3QiLHsiZGVzdGluYXRpb25fY2lkcl9ibG9jayI6InN0cmluZyIsImRlc3RpbmF0aW9uX2lwdjZfY2lkcl9ibG9jayI6InN0cmluZyIsImRlc3RpbmF0aW9uX3ByZWZpeF9saXN0X2lkIjoic3RyaW5nIiwiZWdyZXNzX29ubHlfZ2F0ZXdheV9pZCI6InN0cmluZyIsImdhdGV3YXlfaWQiOiJzdHJpbmciLCJpZCI6InN0cmluZyIsImluc3RhbmNlX2lkIjoic3RyaW5nIiwiaW5zdGFuY2Vfb3duZXJfaWQiOiJzdHJpbmciLCJsb2NhbF9nYXRld2F5X2lkIjoic3RyaW5nIiwibmF0X2dhdGV3YXlfaWQiOiJzdHJpbmciLCJuZXR3b3JrX2ludGVyZmFjZV9pZCI6InN0cmluZyIsIm9yaWdpbiI6InN0cmluZyIsInJvdXRlX3RhYmxlX2lkIjoic3RyaW5nIiwic3RhdGUiOiJzdHJpbmciLCJ0aW1lb3V0cyI6WyJvYmplY3QiLHsiY3JlYXRlIjoic3RyaW5nIiwiZGVsZXRlIjoic3RyaW5nIn1dLCJ0cmFuc2l0X2dhdGV3YXlfaWQiOiJzdHJpbmciLCJ2cGNfZW5kcG9pbnRfaWQiOiJzdHJpbmciLCJ2cGNfcGVlcmluZ19jb25uZWN0aW9uX2lkIjoic3RyaW5nIn1d",
 "Val": "bnVsbA==",
 "Err": null
}