{
 "Typ": "WyJvYmplY3QiLHsiZGVzdGluYXRpb25fY2lkcl9ibG9jayI6InN0cmluZyIsImRlc3RpbmF0aW9uX2lwdjZfY2lkcl9ibG9jayI6InN0cmluZyIsImRlc3RpbmF0aW9uX3ByZWZpeF9saXN0X2lkIjoic3RyaW5nIiwiZWdyZXNzX29ubHlfZ2F0ZXdheV9pZCI6InN0cmluZyIsImdhdGV3YXlfaWQiOiJzdHJpbmciLCJpZCI6InN0cmluZyIsImluc3RhbmNlX2lkIjoic3RyaW5nIiwiaW5zdGFuY2Vfb3duZXJfaWQiOiJzdHJpbmciLCJsb2NhbF9nYXRld2F5X2lkIjoic3RyaW5nIiwibmF0X2dhdGV3YXlfaWQiOiJzdHJpbmciLCJuZXR3b3JrX2ludGVyZmFjZV9pZCI6InN0cmluZyIsIm9yaWdpbiI6InN0cmluZyIsInJvdXRlX3RhYmxlX2lkIjoic3RyaW5nIiwic3RhdGUiOiJzdHJpbmciLCJ0aW1lb3V0cyI6WyJvYmplY3QiLHsiY3JlYXRlIjoic3RyaW5nIiwiZGVsZXRlIjoic3RyaW5nIn1dLCJ0cmFuc2l0X2dhdGV3YXlfaWQiOiJzdHJpbmciLCJ2cGNfZW5kcG9pbnRfaWQiOiJzdHJpbmciLCJ2cGNfcGVlcmluZ19jb25uZWN0aW9uX2lkIjoic3RyaW5nIn1d",
 "Val": "eyJkZXN0aW5hdGlvbl9jaWRyX2Jsb2NrIjoiMS4xLjEuMS8zMiIsImRlc3RpbmF0aW9uX2lwdjZfY2lkcl9ibG9jayI6IiIsImRlc3RpbmF0aW9uX3ByZWZpeF9saXN0X2lkIjoiIiwiZWdyZXNzX29ubHlfZ2F0ZXdheV9pZCI6IiIsImdhdGV3YXlfaWQiOiJpZ3ctMDMwZTc0ZjczYmQ2N2YyMWIiLCJpZCI6InItcnRiLTA5NmJkZmI2OTMwOWM1NGMzMjQzMjc5NTI3IiwiaW5zdGFuY2VfaWQiOiIiLCJpbnN0YW5jZV9vd25lcl9pZCI6IiIsImxvY2FsX2dhdGV3YXlfaWQiOiIiLCJuYXRfZ2F0ZXdheV9pZCI6IiIsIm5ldHdvcmtfaW50ZXJmYWNlX2lkIjoiIiwib3JpZ2luIjoiQ3JlYXRlUm91dGUiLCJyb3V0ZV90YWJsZV9pZCI6InJ0Yi0wOTZiZGZiNjkzMDljNTRjMyIsInN0YXRlIjoiYWN0aXZlIiwidGltZW91dHMiOnsiY3JlYXRlIjpudWxsLCJkZWxldGUiOm51bGx9LCJ0cmFuc2l0X2dhdGV3YXlfaWQiOiIiLCJ2cGNfZW5kcG9pbnRfaWQiOm51bGwsInZwY19wZWVyaW5nX2Nvbm5lY3Rpb25faWQiOiIifQ==",
 "Err": null
}