{"Typ":"WyJvYmplY3QiLHsiYWxsb2NhdGlvbl9pZCI6InN0cmluZyIsImFsbG93X3JlYXNzb2NpYXRpb24iOiJib29sIiwiaWQiOiJzdHJpbmciLCJpbnN0YW5jZV9pZCI6InN0cmluZyIsIm5ldHdvcmtfaW50ZXJmYWNlX2lkIjoic3RyaW5nIiwicHJpdmF0ZV9pcF9hZGRyZXNzIjoic3RyaW5nIiwicHVibGljX2lwIjoic3RyaW5nIn1d","Val":"eyJhbGxvY2F0aW9uX2lkIjoiZWlwYWxsb2MtMDE3ZDUyNjdlNGRkYTczZjEiLCJhbGxvd19yZWFzc29jaWF0aW9uIjpudWxsLCJpZCI6ImVpcGFzc29jLTBlOWE3MzU2ZTMwZjBjM2QxIiwiaW5zdGFuY2VfaWQiOiJpLTBkMzY1MGEyM2Y0ZTQ1ZGMwIiwibmV0d29ya19pbnRlcmZhY2VfaWQiOiJlbmktMGYzNWNlNTU3N2JiYWIyNTEiLCJwcml2YXRlX2lwX2FkZHJlc3MiOiIxNzIuMzEuMjIuMTIiLCJwdWJsaWNfaXAiOiIzNS4xODAuMjM5LjEwNSJ9","Err":null}