{
 "Typ": "WyJvYmplY3QiLHsiYXBwbGljYXRpb25fZmFpbHVyZV9mZWVkYmFja19yb2xlX2FybiI6InN0cmluZyIsImFwcGxpY2F0aW9uX3N1Y2Nlc3NfZmVlZGJhY2tfcm9sZV9hcm4iOiJzdHJpbmciLCJhcHBsaWNhdGlvbl9zdWNjZXNzX2ZlZWRiYWNrX3NhbXBsZV9yYXRlIjoibnVtYmVyIiwiYXJuIjoic3RyaW5nIiwiZGVsaXZlcnlfcG9saWN5Ijoic3RyaW5nIiwiZGlzcGxheV9uYW1lIjoic3RyaW5nIiwiaHR0cF9mYWlsdXJlX2ZlZWRiYWNrX3JvbGVfYXJuIjoic3RyaW5nIiwiaHR0cF9zdWNjZXNzX2ZlZWRiYWNrX3JvbGVfYXJuIjoic3RyaW5nIiwiaHR0cF9zdWNjZXNzX2ZlZWRiYWNrX3NhbXBsZV9yYXRlIjoibnVtYmVyIiwiaWQiOiJzdHJpbmciLCJrbXNfbWFzdGVyX2tleV9pZCI6InN0cmluZyIsImxhbWJkYV9mYWlsdXJlX2ZlZWRiYWNrX3JvbGVfYXJuIjoic3RyaW5nIiwibGFtYmRhX3N1Y2Nlc3NfZmVlZGJhY2tfcm9sZV9hcm4iOiJzdHJpbmciLCJsYW1iZGFfc3VjY2Vzc19mZWVkYmFja19zYW1wbGVfcmF0ZSI6Im51bWJlciIsIm5hbWUiOiJzdHJpbmciLCJuYW1lX3ByZWZpeCI6InN0cmluZyIsInBvbGljeSI6InN0cmluZyIsInNxc19mYWlsdXJlX2ZlZWRiYWNrX3JvbGVfYXJuIjoic3RyaW5nIiwic3FzX3N1Y2Nlc3NfZmVlZGJhY2tfcm9sZV9hcm4iOiJzdHJpbmciLCJzcXNfc3VjY2Vzc19mZWVkYmFja19zYW1wbGVfcmF0ZSI6Im51bWJlciIsInRhZ3MiOlsibWFwIiwic3RyaW5nIl19XQ==",
 "Val": "eyJhcHBsaWNhdGlvbl9mYWlsdXJlX2ZlZWRiYWNrX3JvbGVfYXJuIjoiIiwiYXBwbGljYXRpb25fc3VjY2Vzc19mZWVkYmFja19yb2xlX2FybiI6IiIsImFwcGxpY2F0aW9uX3N1Y2Nlc3NfZmVlZGJhY2tfc2FtcGxlX3JhdGUiOm51bGwsImFybiI6ImFybjphd3M6c25zOmV1LXdlc3QtMzo1MjY5NTQ5Mjk5MjM6dXNlci11cGRhdGVzLXRvcGljIiwiZGVsaXZlcnlfcG9saWN5Ijoie1wiaHR0cFwiOntcImRlZmF1bHRIZWFsdGh5UmV0cnlQb2xpY3lcIjp7XCJtaW5EZWxheVRhcmdldFwiOjIwLFwibWF4RGVsYXlUYXJnZXRcIjoyMCxcIm51bVJldHJpZXNcIjozLFwibnVtTWF4RGVsYXlSZXRyaWVzXCI6MCxcIm51bU5vRGVsYXlSZXRyaWVzXCI6MCxcIm51bU1pbkRlbGF5UmV0cmllc1wiOjAsXCJiYWNrb2ZmRnVuY3Rpb25cIjpcImxpbmVhclwifSxcImRpc2FibGVTdWJzY3JpcHRpb25PdmVycmlkZXNcIjpmYWxzZSxcImRlZmF1bHRUaHJvdHRsZVBvbGljeVwiOntcIm1heFJlY2VpdmVzUGVyU2Vjb25kXCI6MX19fSIsImRpc3BsYXlfbmFtZSI6IiIsImh0dHBfZmFpbHVyZV9mZWVkYmFja19yb2xlX2FybiI6IiIsImh0dHBfc3VjY2Vzc19mZWVkYmFja19yb2xlX2FybiI6IiIsImh0dHBfc3VjY2Vzc19mZWVkYmFja19zYW1wbGVfcmF0ZSI6bnVsbCwiaWQiOiJhcm46YXdzOnNuczpldS13ZXN0LTM6NTI2OTU0OTI5OTIzOnVzZXItdXBkYXRlcy10b3BpYyIsImttc19tYXN0ZXJfa2V5X2lkIjoiIiwibGFtYmRhX2ZhaWx1cmVfZmVlZGJhY2tfcm9sZV9hcm4iOiIiLCJsYW1iZGFfc3VjY2Vzc19mZWVkYmFja19yb2xlX2FybiI6IiIsImxhbWJkYV9zdWNjZXNzX2ZlZWRiYWNrX3NhbXBsZV9yYXRlIjpudWxsLCJuYW1lIjoidXNlci11cGRhdGVzLXRvcGljIiwibmFtZV9wcmVmaXgiOm51bGwsInBvbGljeSI6IntcIlZlcnNpb25cIjpcIjIwMDgtMTAtMTdcIixcIklkXCI6XCJfX2RlZmF1bHRfcG9saWN5X0lEXCIsXCJTdGF0ZW1lbnRcIjpbe1wiU2lkXCI6XCJfX2RlZmF1bHRfc3RhdGVtZW50X0lEXCIsXCJFZmZlY3RcIjpcIkFsbG93XCIsXCJQcmluY2lwYWxcIjp7XCJBV1NcIjpcIipcIn0sXCJBY3Rpb25cIjpbXCJTTlM6R2V0VG9waWNBdHRyaWJ1dGVzXCIsXCJTTlM6U2V0VG9waWNBdHRyaWJ1dGVzXCIsXCJTTlM6QWRkUGVybWlzc2lvblwiLFwiU05TOlJlbW92ZVBlcm1pc3Npb25cIixcIlNOUzpEZWxldGVUb3BpY1wiLFwiU05TOlN1YnNjcmliZVwiLFwiU05TOkxpc3RTdWJzY3JpcHRpb25zQnlUb3BpY1wiLFwiU05TOlB1Ymxpc2hcIixcIlNOUzpSZWNlaXZlXCJdLFwiUmVzb3VyY2VcIjpcImFybjphd3M6c25zOmV1LXdlc3QtMzo1MjY5NTQ5Mjk5MjM6dXNlci11cGRhdGVzLXRvcGljXCIsXCJDb25kaXRpb25cIjp7XCJTdHJpbmdFcXVhbHNcIjp7XCJBV1M6U291cmNlT3duZXJcIjpcIjUyNjk1NDkyOTkyM1wifX19XX0iLCJzcXNfZmFpbHVyZV9mZWVkYmFja19yb2xlX2FybiI6IiIsInNxc19zdWNjZXNzX2ZlZWRiYWNrX3JvbGVfYXJuIjoiIiwic3FzX3N1Y2Nlc3NfZmVlZGJhY2tfc2FtcGxlX3JhdGUiOm51bGwsInRhZ3MiOnt9fQ==",
 "Err": null
}