{
 "Typ": "WyJvYmplY3QiLHsiYXJuIjoic3RyaW5nIiwiZWdyZXNzIjpbInNldCIsWyJvYmplY3QiLHsiYWN0aW9uIjoic3RyaW5nIiwiY2lkcl9ibG9jayI6InN0cmluZyIsImZyb21fcG9ydCI6Im51bWJlciIsImljbXBfY29kZSI6Im51bWJlciIsImljbXBfdHlwZSI6Im51bWJlciIsImlwdjZfY2lkcl9ibG9jayI6InN0cmluZyIsInByb3RvY29sIjoic3RyaW5nIiwicnVsZV9ubyI6Im51bWJlciIsInRvX3BvcnQiOiJudW1iZXIifV1dLCJpZCI6InN0cmluZyIsImluZ3Jlc3MiOlsic2V0IixbIm9iamVjdCIseyJhY3Rpb24iOiJzdHJpbmciLCJjaWRyX2Jsb2NrIjoic3RyaW5nIiwiZnJvbV9wb3J0IjoibnVtYmVyIiwiaWNtcF9jb2RlIjoibnVtYmVyIiwiaWNtcF90eXBlIjoibnVtYmVyIiwiaXB2Nl9jaWRyX2Jsb2NrIjoic3RyaW5nIiwicHJvdG9jb2wiOiJzdHJpbmciLCJydWxlX25vIjoibnVtYmVyIiwidG9fcG9ydCI6Im51bWJlciJ9XV0sIm93bmVyX2lkIjoic3RyaW5nIiwic3VibmV0X2lkcyI6WyJzZXQiLCJzdHJpbmciXSwidGFncyI6WyJtYXAiLCJzdHJpbmciXSwidnBjX2lkIjoic3RyaW5nIn1d",
 "Val": "eyJhcm4iOiJhcm46YXdzOmVjMjp1cy1lYXN0LTE6OTI5MzI3MDY1MzMzOm5ldHdvcmstYWNsL2FjbC0wN2E1NjVkYmU1MThjMDcxMyIsImVncmVzcyI6W3siYWN0aW9uIjoiYWxsb3ciLCJjaWRyX2Jsb2NrIjoiMTcyLjMxLjAuMC8xNiIsImZyb21fcG9ydCI6ODAsImljbXBfY29kZSI6MCwiaWNtcF90eXBlIjowLCJpcHY2X2NpZHJfYmxvY2siOiIiLCJwcm90b2NvbCI6IjE3IiwicnVsZV9ubyI6MTAwLCJ0b19wb3J0Ijo4MH1dLCJpZCI6ImFjbC0wN2E1NjVkYmU1MThjMDcxMyIsImluZ3Jlc3MiOlt7ImFjdGlvbiI6ImFsbG93IiwiY2lkcl9ibG9jayI6IjE3Mi4zMS4wLjAvMTYiLCJmcm9tX3BvcnQiOjgwLCJpY21wX2NvZGUiOjAsImljbXBfdHlwZSI6MCwiaXB2Nl9jaWRyX2Jsb2NrIjoiIiwicHJvdG9jb2wiOiIxNyIsInJ1bGVfbm8iOjEwMCwidG9fcG9ydCI6ODB9XSwib3duZXJfaWQiOiI5MjkzMjcwNjUzMzMiLCJzdWJuZXRfaWRzIjpbXSwidGFncyI6eyJOYW1lIjoidGVzdCJ9LCJ2cGNfaWQiOiJ2cGMtNDFkMWQxM2IifQ==",
 "Err": null
}