{
 "Typ": "WyJvYmplY3QiLHsiaWQiOiJzdHJpbmciLCJtYXhfbnVtYmVyX29mX3JlY29yZF9zZXRzIjoibnVtYmVyIiwibWF4X251bWJlcl9vZl92aXJ0dWFsX25ldHdvcmtfbGlua3MiOiJudW1iZXIiLCJtYXhfbnVtYmVyX29mX3ZpcnR1YWxfbmV0d29ya19saW5rc193aXRoX3JlZ2lzdHJhdGlvbiI6Im51bWJlciIsIm5hbWUiOiJzdHJpbmciLCJudW1iZXJfb2ZfcmVjb3JkX3NldHMiOiJudW1iZXIiLCJyZXNvdXJjZV9ncm91cF9uYW1lIjoic3RyaW5nIiwic29hX3JlY29yZCI6WyJsaXN0IixbIm9iamVjdCIseyJlbWFpbCI6InN0cmluZyIsImV4cGlyZV90aW1lIjoibnVtYmVyIiwiZnFkbiI6InN0cmluZyIsImhvc3RfbmFtZSI6InN0cmluZyIsIm1pbmltdW1fdHRsIjoibnVtYmVyIiwicmVmcmVzaF90aW1lIjoibnVtYmVyIiwicmV0cnlfdGltZSI6Im51bWJlciIsInNlcmlhbF9udW1iZXIiOiJudW1iZXIiLCJ0YWdzIjpbIm1hcCIsInN0cmluZyJdLCJ0dGwiOiJudW1iZXIifV1dLCJ0YWdzIjpbIm1hcCIsInN0cmluZyJdLCJ0aW1lb3V0cyI6WyJvYmplY3QiLHsiY3JlYXRlIjoic3RyaW5nIiwiZGVsZXRlIjoic3RyaW5nIiwicmVhZCI6InN0cmluZyIsInVwZGF0ZSI6InN0cmluZyJ9XX1d",
 "Val": "eyJpZCI6Ii9zdWJzY3JpcHRpb25zLzdiZmIyYzVjLTczMDgtNDZlZC04YWU0LWZmZmEzNTZlYjQwNi9yZXNvdXJjZUdyb3Vwcy9tYXJ0aW4tZGV2L3Byb3ZpZGVycy9NaWNyb3NvZnQuTmV0d29yay9wcml2YXRlRG5zWm9uZXMvdGhpc2lzYXRlc3R1c2luZ3RmMi5jb20iLCJtYXhfbnVtYmVyX29mX3JlY29yZF9zZXRzIjoyNTAwMCwibWF4X251bWJlcl9vZl92aXJ0dWFsX25ldHdvcmtfbGlua3MiOjEwMDAsIm1heF9udW1iZXJfb2ZfdmlydHVhbF9uZXR3b3JrX2xpbmtzX3dpdGhfcmVnaXN0cmF0aW9uIjoxMDAsIm5hbWUiOiJ0aGlzaXNhdGVzdHVzaW5ndGYyLmNvbSIsIm51bWJlcl9vZl9yZWNvcmRfc2V0cyI6MSwicmVzb3VyY2VfZ3JvdXBfbmFtZSI6Im1hcnRpbi1kZXYiLCJzb2FfcmVjb3JkIjpbeyJlbWFpbCI6ImF6dXJlcHJpdmF0ZWRucy1ob3N0Lm1pY3Jvc29mdC5jb20iLCJleHBpcmVfdGltZSI6MjQxOTIwMCwiZnFkbiI6InRoaXNpc2F0ZXN0dXNpbmd0ZjIuY29tLiIsImhvc3RfbmFtZSI6ImF6dXJlcHJpdmF0ZWRucy5uZXQiLCJtaW5pbXVtX3R0bCI6MTAsInJlZnJlc2hfdGltZSI6MzYwMCwicmV0cnlfdGltZSI6MzAwLCJzZXJpYWxfbnVtYmVyIjoxLCJ0YWdzIjp7fSwidHRsIjozNjAwfV0sInRhZ3MiOnt9LCJ0aW1lb3V0cyI6eyJjcmVhdGUiOm51bGwsImRlbGV0ZSI6bnVsbCwicmVhZCI6bnVsbCwidXBkYXRlIjpudWxsfX0=",
 "Err": null
}