{"Typ":"WyJvYmplY3QiLHsiYXJuIjoic3RyaW5nIiwiZGVzY3JpcHRpb24iOiJzdHJpbmciLCJpZCI6InN0cmluZyIsIm5hbWUiOiJzdHJpbmciLCJuYW1lX3ByZWZpeCI6InN0cmluZyIsInN1Ym5ldF9pZHMiOlsic2V0Iiwic3RyaW5nIl0sInRhZ3MiOlsibWFwIiwic3RyaW5nIl19XQ==","Val":"eyJhcm4iOiJhcm46YXdzOnJkczpldS13ZXN0LTM6OTI5MzI3MDY1MzMzOnN1YmdycDpmb28iLCJkZXNjcmlwdGlvbiI6Ik1hbmFnZWQgYnkgVGVycmFmb3JtIiwiaWQiOiJmb28iLCJuYW1lIjoiZm9vIiwibmFtZV9wcmVmaXgiOm51bGwsInN1Ym5ldF9pZHMiOlsic3VibmV0LTQ5ZjlhZTMyIiwic3VibmV0LTYzYzVmOTBhIl0sInRhZ3MiOnsidGFnICI6InRlc3QgMTIzIiwidGVzdCI6InRhZyJ9fQ==","Err":null}