{
 "Typ": "WyJvYmplY3QiLHsiZXRhZyI6InN0cmluZyIsImlkIjoic3RyaW5nIiwicm9sZSI6InN0cmluZyIsInRlYW1faWQiOiJzdHJpbmciLCJ1c2VybmFtZSI6InN0cmluZyJ9XQ==",
 "Val": "eyJldGFnIjoiVy9cIjYwMDgzYjhiZjJjZWQzMGZiZjU3M2RkMDIzMTdjNmUyZjY1OWZmN2ZmZTk3MTY3ZDEzMzFiNjkyYTM5ZDBkMWFcIiIsImlkIjoiNDU3MDUyOTpkcmlmdGN0bC1hY2NlcHRhbmNlLXRlc3RlciIsInJvbGUiOiJtYWludGFpbmVyIiwidGVhbV9pZCI6IjQ1NzA1MjkiLCJ1c2VybmFtZSI6ImRyaWZ0Y3RsLWFjY2VwdGFuY2UtdGVzdGVyIn0=",
 "Err": null
}