{
 "Typ": "WyJvYmplY3QiLHsiYnVja2V0Ijoic3RyaW5nIiwiaWQiOiJzdHJpbmciLCJsYW1iZGFfZnVuY3Rpb24iOlsibGlzdCIsWyJvYmplY3QiLHsiZXZlbnRzIjpbInNldCIsInN0cmluZyJdLCJmaWx0ZXJfcHJlZml4Ijoic3RyaW5nIiwiZmlsdGVyX3N1ZmZpeCI6InN0cmluZyIsImlkIjoic3RyaW5nIiwibGFtYmRhX2Z1bmN0aW9uX2FybiI6InN0cmluZyJ9XV0sInF1ZXVlIjpbImxpc3QiLFsib2JqZWN0Iix7ImV2ZW50cyI6WyJzZXQiLCJzdHJpbmciXSwiZmlsdGVyX3ByZWZpeCI6InN0cmluZyIsImZpbHRlcl9zdWZmaXgiOiJzdHJpbmciLCJpZCI6InN0cmluZyIsInF1ZXVlX2FybiI6InN0cmluZyJ9XV0sInRvcGljIjpbImxpc3QiLFsib2JqZWN0Iix7ImV2ZW50cyI6WyJzZXQiLCJzdHJpbmciXSwiZmlsdGVyX3ByZWZpeCI6InN0cmluZyIsImZpbHRlcl9zdWZmaXgiOiJzdHJpbmciLCJpZCI6InN0cmluZyIsInRvcGljX2FybiI6InN0cmluZyJ9XV19XQ==",
 "Val": "eyJidWNrZXQiOiJidWNrZXQtbWFydGluLXRlc3QtZHJpZnQyIiwiaWQiOiJidWNrZXQtbWFydGluLXRlc3QtZHJpZnQyIiwibGFtYmRhX2Z1bmN0aW9uIjpbeyJldmVudHMiOlsiczM6T2JqZWN0Q3JlYXRlZDoqIl0sImZpbHRlcl9wcmVmaXgiOiJBV1NMb2dzLyIsImZpbHRlcl9zdWZmaXgiOiIubG9nIiwiaWQiOiJ0Zi1zMy1sYW1iZGEtMjAyMDExMDMxNjUzNTQ5MjY2MDAwMDAwMDEiLCJsYW1iZGFfZnVuY3Rpb25fYXJuIjoiYXJuOmF3czpsYW1iZGE6ZXUtd2VzdC0zOjUyNjk1NDkyOTkyMzpmdW5jdGlvbjpleGFtcGxlX2xhbWJkYV9uYW1lMSJ9LHsiZXZlbnRzIjpbInMzOk9iamVjdENyZWF0ZWQ6KiJdLCJmaWx0ZXJfcHJlZml4IjoiT3RoZXJMb2dzLyIsImZpbHRlcl9zdWZmaXgiOiIubG9nIiwiaWQiOiJ0Zi1zMy1sYW1iZGEtMjAyMDExMDMxNjUzNTQ5MjY2MDAwMDAwMDIiLCJsYW1iZGFfZnVuY3Rpb25fYXJuIjoiYXJuOmF3czpsYW1iZGE6ZXUtd2VzdC0zOjUyNjk1NDkyOTkyMzpmdW5jdGlvbjpleGFtcGxlX2xhbWJkYV9uYW1lMiJ9XSwicXVldWUiOltdLCJ0b3BpYyI6W119",
 "Err": null
}