{
 "Typ": "WyJvYmplY3QiLHsiYXV0b19jcmVhdGVfc3VibmV0d29ya3MiOiJib29sIiwiZGVsZXRlX2RlZmF1bHRfcm91dGVzX29uX2NyZWF0ZSI6ImJvb2wiLCJkZXNjcmlwdGlvbiI6InN0cmluZyIsImdhdGV3YXlfaXB2NCI6InN0cmluZyIsImlkIjoic3RyaW5nIiwibXR1IjoibnVtYmVyIiwibmFtZSI6InN0cmluZyIsInByb2plY3QiOiJzdHJpbmciLCJyb3V0aW5nX21vZGUiOiJzdHJpbmciLCJzZWxmX2xpbmsiOiJzdHJpbmciLCJ0aW1lb3V0cyI6WyJvYmplY3QiLHsiY3JlYXRlIjoic3RyaW5nIiwiZGVsZXRlIjoic3RyaW5nIiwidXBkYXRlIjoic3RyaW5nIn1dfV0=",
 "Val": "eyJhdXRvX2NyZWF0ZV9zdWJuZXR3b3JrcyI6ZmFsc2UsImRlbGV0ZV9kZWZhdWx0X3JvdXRlc19vbl9jcmVhdGUiOmZhbHNlLCJkZXNjcmlwdGlvbiI6IiIsImdhdGV3YXlfaXB2NCI6IiIsImlkIjoicHJvamVjdHMvZHJpZnRjdGwtcWEtMS9nbG9iYWwvbmV0d29ya3MvZHJpZnRjdGwtdW5pdHRlc3QtMSIsIm10dSI6MTQ2MCwibmFtZSI6ImRyaWZ0Y3RsLXVuaXR0ZXN0LTEiLCJwcm9qZWN0IjoiZHJpZnRjdGwtcWEtMSIsInJvdXRpbmdfbW9kZSI6IlJFR0lPTkFMIiwic2VsZl9saW5rIjoiaHR0cHM6Ly93d3cuZ29vZ2xlYXBpcy5jb20vY29tcHV0ZS92MS9wcm9qZWN0cy9kcmlmdGN0bC1xYS0xL2dsb2JhbC9uZXR3b3Jrcy9kcmlmdGN0bC11bml0dGVzdC0xIiwidGltZW91dHMiOnsiY3JlYXRlIjpudWxsLCJkZWxldGUiOm51bGwsInVwZGF0ZSI6bnVsbH19",
 "Err": null
}