{"Typ":"WyJvYmplY3QiLHsiYnVja2V0Ijoic3RyaW5nIiwiaWQiOiJzdHJpbmciLCJwb2xpY3kiOiJzdHJpbmcifV0=","Val":"eyJidWNrZXQiOiJidWNrZXQtbWFydGluLXRlc3QtZHJpZnQiLCJpZCI6ImJ1Y2tldC1tYXJ0aW4tdGVzdC1kcmlmdCIsInBvbGljeSI6IntcIlZlcnNpb25cIjpcIjIwMTItMTAtMTdcIixcIlN0YXRlbWVudFwiOlt7XCJTaWRcIjpcIlB1YmxpY1JlYWRHZXRPYmplY3RcIixcIkVmZmVjdFwiOlwiQWxsb3dcIixcIlByaW5jaXBhbFwiOlwiKlwiLFwiQWN0aW9uXCI6XCJzMzpHZXRPYmplY3RcIixcIlJlc291cmNlXCI6XCJhcm46YXdzOnMzOjo6YnVja2V0LW1hcnRpbi10ZXN0LWRyaWZ0LypcIn1dfSJ9","Err":null}