{"Typ":"WyJvYmplY3QiLHsiYnVja2V0Ijoic3RyaW5nIiwiZGVzdGluYXRpb24iOlsibGlzdCIsWyJvYmplY3QiLHsiYnVja2V0IjpbImxpc3QiLFsib2JqZWN0Iix7ImFjY291bnRfaWQiOiJzdHJpbmciLCJidWNrZXRfYXJuIjoic3RyaW5nIiwiZW5jcnlwdGlvbiI6WyJsaXN0IixbIm9iamVjdCIseyJzc2Vfa21zIjpbImxpc3QiLFsib2JqZWN0Iix7ImtleV9pZCI6InN0cmluZyJ9XV0sInNzZV9zMyI6WyJsaXN0IixbIm9iamVjdCIse31dXX1dXSwiZm9ybWF0Ijoic3RyaW5nIiwicHJlZml4Ijoic3RyaW5nIn1dXX1dXSwiZW5hYmxlZCI6ImJvb2wiLCJmaWx0ZXIiOlsibGlzdCIsWyJvYmplY3QiLHsicHJlZml4Ijoic3RyaW5nIn1dXSwiaWQiOiJzdHJpbmciLCJpbmNsdWRlZF9vYmplY3RfdmVyc2lvbnMiOiJzdHJpbmciLCJuYW1lIjoic3RyaW5nIiwib3B0aW9uYWxfZmllbGRzIjpbInNldCIsInN0cmluZyJdLCJzY2hlZHVsZSI6WyJsaXN0IixbIm9iamVjdCIseyJmcmVxdWVuY3kiOiJzdHJpbmcifV1dfV0=","Val":"eyJidWNrZXQiOiJidWNrZXQtbWFydGluLXRlc3QtZHJpZnQiLCJkZXN0aW5hdGlvbiI6W3siYnVja2V0IjpbeyJhY2NvdW50X2lkIjoiIiwiYnVja2V0X2FybiI6ImFybjphd3M6czM6OjpidWNrZXQtbWFydGluLXRlc3QtZHJpZnQiLCJlbmNyeXB0aW9uIjpbXSwiZm9ybWF0IjoiT1JDIiwicHJlZml4IjoiIn1dfV0sImVuYWJsZWQiOnRydWUsImZpbHRlciI6W10sImlkIjoiYnVja2V0LW1hcnRpbi10ZXN0LWRyaWZ0OkludmVudG9yeV9CdWNrZXQiLCJpbmNsdWRlZF9vYmplY3RfdmVyc2lvbnMiOiJBbGwiLCJuYW1lIjoiSW52ZW50b3J5X0J1Y2tldCIsIm9wdGlvbmFsX2ZpZWxkcyI6W10sInNjaGVkdWxlIjpbeyJmcmVxdWVuY3kiOiJEYWlseSJ9XX0=","Err":null}