{
 "Typ": "WyJvYmplY3QiLHsiaWQiOiJzdHJpbmciLCJwb2xpY3lfYXJuIjoic3RyaW5nIiwicm9sZSI6InN0cmluZyJ9XQ==",
 "Val": "eyJpZCI6InRlc3QtcG9saWN5Mi10ZXN0LXJvbGUiLCJwb2xpY3lfYXJuIjoiYXJuOmF3czppYW06OjkyOTMyNzA2NTMzMzpwb2xpY3kvdGVzdC1wb2xpY3kyIiwicm9sZSI6InRlc3Qtcm9sZSJ9",
 "Err": null
}