{
 "Typ": "WyJvYmplY3QiLHsiaWQiOiJzdHJpbmciLCJwb2xpY3lfYXJuIjoic3RyaW5nIiwicm9sZSI6InN0cmluZyJ9XQ==",
 "Val": "eyJpZCI6InRlc3QtcG9saWN5LXRlc3Qtcm9sZSIsInBvbGljeV9hcm4iOiJhcm46YXdzOmlhbTo6OTI5MzI3MDY1MzMzOnBvbGljeS90ZXN0LXBvbGljeSIsInJvbGUiOiJ0ZXN0LXJvbGUifQ==",
 "Err": null
}