{
  "Typ": "WyJvYmplY3QiLHsiY29tbWVudCI6InN0cmluZyIsImRlbGVnYXRpb25fc2V0X2lkIjoic3RyaW5nIiwiZm9yY2VfZGVzdHJveSI6ImJvb2wiLCJpZCI6InN0cmluZyIsIm5hbWUiOiJzdHJpbmciLCJuYW1lX3NlcnZlcnMiOlsibGlzdCIsInN0cmluZyJdLCJ0YWdzIjpbIm1hcCIsInN0cmluZyJdLCJ2cGMiOlsic2V0IixbIm9iamVjdCIseyJ2cGNfaWQiOiJzdHJpbmciLCJ2cGNfcmVnaW9uIjoic3RyaW5nIn1dXSwiem9uZV9pZCI6InN0cmluZyJ9XQ==",
  "Val": "eyJjb21tZW50IjoidGVzdCBjb21tZW50IiwiZGVsZWdhdGlvbl9zZXRfaWQiOiIiLCJmb3JjZV9kZXN0cm95IjpudWxsLCJpZCI6IlowOTM1NTMxMTJCTElOS1k0TjU3IiwibmFtZSI6ImZvby5iYXIiLCJuYW1lX3NlcnZlcnMiOlsibnMtMTA1MS5hd3NkbnMtMDMub3JnIiwibnMtMTY2Ny5hd3NkbnMtMTYuY28udWsiLCJucy0xNzYuYXdzZG5zLTIyLmNvbSIsIm5zLTk5NS5hd3NkbnMtNjAubmV0Il0sInRhZ3MiOnsidGVzdCI6ImV4YW1wbGUifSwidnBjIjpbXSwiem9uZV9pZCI6IlowOTM1NTMxMTJCTElOS1k0TjU3In0=",
  "Err": null
}