{
 "Typ": "WyJvYmplY3QiLHsiYXJuIjoic3RyaW5nIiwiY29uZmlybWF0aW9uX3RpbWVvdXRfaW5fbWludXRlcyI6Im51bWJlciIsImRlbGl2ZXJ5X3BvbGljeSI6InN0cmluZyIsImVuZHBvaW50Ijoic3RyaW5nIiwiZW5kcG9pbnRfYXV0b19jb25maXJtcyI6ImJvb2wiLCJmaWx0ZXJfcG9saWN5Ijoic3RyaW5nIiwiaWQiOiJzdHJpbmciLCJwcm90b2NvbCI6InN0cmluZyIsInJhd19tZXNzYWdlX2RlbGl2ZXJ5IjoiYm9vbCIsInRvcGljX2FybiI6InN0cmluZyJ9XQ==",
 "Val": "eyJhcm4iOiJhcm46YXdzOnNuczp1cy1lYXN0LTE6NTI2OTU0OTI5OTIzOnVzZXItdXBkYXRlcy10b3BpYzI6YzBmNzk0YzUtYTAwOS00ZGI0LTkxNDctNGM1NTk1OTc4N2ZhIiwiY29uZmlybWF0aW9uX3RpbWVvdXRfaW5fbWludXRlcyI6bnVsbCwiZGVsaXZlcnlfcG9saWN5IjoiIiwiZW5kcG9pbnQiOiJhcm46YXdzOnNxczp1cy1lYXN0LTE6NTI2OTU0OTI5OTIzOnVzZXItdXBkYXRlcy1xdWV1ZSIsImVuZHBvaW50X2F1dG9fY29uZmlybXMiOm51bGwsImZpbHRlcl9wb2xpY3kiOiIiLCJpZCI6ImFybjphd3M6c25zOnVzLWVhc3QtMTo1MjY5NTQ5Mjk5MjM6dXNlci11cGRhdGVzLXRvcGljMjpjMGY3OTRjNS1hMDA5LTRkYjQtOTE0Ny00YzU1OTU5Nzg3ZmEiLCJwcm90b2NvbCI6InNxcyIsInJhd19tZXNzYWdlX2RlbGl2ZXJ5IjpmYWxzZSwidG9waWNfYXJuIjoiYXJuOmF3czpzbnM6dXMtZWFzdC0xOjUyNjk1NDkyOTkyMzp1c2VyLXVwZGF0ZXMtdG9waWMyIn0=",
 "Err": null
}