{
 "Typ": "WyJvYmplY3QiLHsiYXJuIjoic3RyaW5nIiwiY3VzdG9tZXJfbWFzdGVyX2tleV9zcGVjIjoic3RyaW5nIiwiZGVsZXRpb25fd2luZG93X2luX2RheXMiOiJudW1iZXIiLCJkZXNjcmlwdGlvbiI6InN0cmluZyIsImVuYWJsZV9rZXlfcm90YXRpb24iOiJib29sIiwiaWQiOiJzdHJpbmciLCJpc19lbmFibGVkIjoiYm9vbCIsImtleV9pZCI6InN0cmluZyIsImtleV91c2FnZSI6InN0cmluZyIsInBvbGljeSI6InN0cmluZyIsInRhZ3MiOlsibWFwIiwic3RyaW5nIl19XQ==",
 "Val": "eyJhcm4iOiJhcm46YXdzOmttczpldS13ZXN0LTM6MDQ3MDgxMDE0MzE1OmtleS84OWQyYzAyMy1lYTUzLTQwYTUtYjIwYS1kODQ5MDVjNjIyZDciLCJjdXN0b21lcl9tYXN0ZXJfa2V5X3NwZWMiOiJSU0FfNDA5NiIsImRlbGV0aW9uX3dpbmRvd19pbl9kYXlzIjpudWxsLCJkZXNjcmlwdGlvbiI6IkZvbyIsImVuYWJsZV9rZXlfcm90YXRpb24iOmZhbHNlLCJpZCI6Ijg5ZDJjMDIzLWVhNTMtNDBhNS1iMjBhLWQ4NDkwNWM2MjJkNyIsImlzX2VuYWJsZWQiOnRydWUsImtleV9pZCI6Ijg5ZDJjMDIzLWVhNTMtNDBhNS1iMjBhLWQ4NDkwNWM2MjJkNyIsImtleV91c2FnZSI6IkVOQ1JZUFRfREVDUllQVCIsInBvbGljeSI6IntcIklkXCI6XCJrZXktZGVmYXVsdC0xXCIsXCJTdGF0ZW1lbnRcIjpbe1wiQWN0aW9uXCI6XCJrbXM6KlwiLFwiRWZmZWN0XCI6XCJBbGxvd1wiLFwiUHJpbmNpcGFsXCI6e1wiQVdTXCI6XCJhcm46YXdzOmlhbTo6MDQ3MDgxMDE0MzE1OnJvb3RcIn0sXCJSZXNvdXJjZVwiOlwiKlwiLFwiU2lkXCI6XCJFbmFibGUgSUFNIFVzZXIgUGVybWlzc2lvbnNcIn1dLFwiVmVyc2lvblwiOlwiMjAxMi0xMC0xN1wifSIsInRhZ3MiOnt9fQ==",
 "Err": null
}