{
 "Typ": "WyJvYmplY3QiLHsiY2lkcl9ibG9jayI6InN0cmluZyIsImVncmVzcyI6ImJvb2wiLCJmcm9tX3BvcnQiOiJudW1iZXIiLCJpY21wX2NvZGUiOiJzdHJpbmciLCJpY21wX3R5cGUiOiJzdHJpbmciLCJpZCI6InN0cmluZyIsImlwdjZfY2lkcl9ibG9jayI6InN0cmluZyIsIm5ldHdvcmtfYWNsX2lkIjoic3RyaW5nIiwicHJvdG9jb2wiOiJzdHJpbmciLCJydWxlX2FjdGlvbiI6InN0cmluZyIsInJ1bGVfbnVtYmVyIjoibnVtYmVyIiwidG9fcG9ydCI6Im51bWJlciJ9XQ==",
 "Val": "eyJjaWRyX2Jsb2NrIjoiMTcyLjMxLjAuMC8xNiIsImVncmVzcyI6dHJ1ZSwiZnJvbV9wb3J0Ijo4MCwiaWNtcF9jb2RlIjpudWxsLCJpY21wX3R5cGUiOm51bGwsImlkIjoibmFjbC00MjY4Mzg0MjE1IiwiaXB2Nl9jaWRyX2Jsb2NrIjoiIiwibmV0d29ya19hY2xfaWQiOiJhY2wtMGRlNTRlZjU5MDc0YjYyMmUiLCJwcm90b2NvbCI6InVkcCIsInJ1bGVfYWN0aW9uIjoiYWxsb3ciLCJydWxlX251bWJlciI6MTAwLCJ0b19wb3J0Ijo4MH0=",
 "Err": null
}