{
 "Typ": "WyJvYmplY3QiLHsiY2lkcl9ibG9jayI6InN0cmluZyIsImVncmVzcyI6ImJvb2wiLCJmcm9tX3BvcnQiOiJudW1iZXIiLCJpY21wX2NvZGUiOiJzdHJpbmciLCJpY21wX3R5cGUiOiJzdHJpbmciLCJpZCI6InN0cmluZyIsImlwdjZfY2lkcl9ibG9jayI6InN0cmluZyIsIm5ldHdvcmtfYWNsX2lkIjoic3RyaW5nIiwicHJvdG9jb2wiOiJzdHJpbmciLCJydWxlX2FjdGlvbiI6InN0cmluZyIsInJ1bGVfbnVtYmVyIjoibnVtYmVyIiwidG9fcG9ydCI6Im51bWJlciJ9XQ==",
 "Val": "eyJjaWRyX2Jsb2NrIjoiMTcyLjMxLjAuMC8xNiIsImVncmVzcyI6dHJ1ZSwiZnJvbV9wb3J0Ijo4MCwiaWNtcF9jb2RlIjpudWxsLCJpY21wX3R5cGUiOm51bGwsImlkIjoibmFjbC0yNDY2NjAzMTEiLCJpcHY2X2NpZHJfYmxvY2siOiIiLCJuZXR3b3JrX2FjbF9pZCI6ImFjbC0wYWQ2ZDY1NzQ5NGQxN2VlMiIsInByb3RvY29sIjoidWRwIiwicnVsZV9hY3Rpb24iOiJhbGxvdyIsInJ1bGVfbnVtYmVyIjoxMDAsInRvX3BvcnQiOjgwfQ==",
 "Err": null
}