{
 "Typ": "WyJvYmplY3QiLHsiY2lkcl9ibG9ja3MiOlsibGlzdCIsInN0cmluZyJdLCJkZXNjcmlwdGlvbiI6InN0cmluZyIsImZyb21fcG9ydCI6Im51bWJlciIsImlkIjoic3RyaW5nIiwiaXB2Nl9jaWRyX2Jsb2NrcyI6WyJsaXN0Iiwic3RyaW5nIl0sInByZWZpeF9saXN0X2lkcyI6WyJsaXN0Iiwic3RyaW5nIl0sInByb3RvY29sIjoic3RyaW5nIiwic2VjdXJpdHlfZ3JvdXBfaWQiOiJzdHJpbmciLCJzZWxmIjoiYm9vbCIsInNvdXJjZV9zZWN1cml0eV9ncm91cF9pZCI6InN0cmluZyIsInRvX3BvcnQiOiJudW1iZXIiLCJ0eXBlIjoic3RyaW5nIn1d",
 "Val": "eyJjaWRyX2Jsb2NrcyI6W10sImRlc2NyaXB0aW9uIjoiVGVzdCAyIiwiZnJvbV9wb3J0IjowLCJpZCI6InNncnVsZS0zNTg3MzA5NDc0IiwiaXB2Nl9jaWRyX2Jsb2NrcyI6W10sInByZWZpeF9saXN0X2lkcyI6W10sInByb3RvY29sIjoidGNwIiwic2VjdXJpdHlfZ3JvdXBfaWQiOiJzZy0wMjU0YzAzOGUzMmYyNTUzMCIsInNlbGYiOmZhbHNlLCJzb3VyY2Vfc2VjdXJpdHlfZ3JvdXBfaWQiOiJzZy05ZTAyMDRmZiIsInRvX3BvcnQiOjY1NTM1LCJ0eXBlIjoiaW5ncmVzcyJ9",
 "Err": null
}