{"Typ":"WyJvYmplY3QiLHsiYXJjaGl0ZWN0dXJlIjoic3RyaW5nIiwiYXJuIjoic3RyaW5nIiwiZGVzY3JpcHRpb24iOiJzdHJpbmciLCJlYnNfYmxvY2tfZGV2aWNlIjpbInNldCIsWyJvYmplY3QiLHsiZGVsZXRlX29uX3Rlcm1pbmF0aW9uIjoiYm9vbCIsImRldmljZV9uYW1lIjoic3RyaW5nIiwiZW5jcnlwdGVkIjoiYm9vbCIsImlvcHMiOiJudW1iZXIiLCJzbmFwc2hvdF9pZCI6InN0cmluZyIsInZvbHVtZV9zaXplIjoibnVtYmVyIiwidm9sdW1lX3R5cGUiOiJzdHJpbmcifV1dLCJlbmFfc3VwcG9ydCI6ImJvb2wiLCJlcGhlbWVyYWxfYmxvY2tfZGV2aWNlIjpbInNldCIsWyJvYmplY3QiLHsiZGV2aWNlX25hbWUiOiJzdHJpbmciLCJ2aXJ0dWFsX25hbWUiOiJzdHJpbmcifV1dLCJpZCI6InN0cmluZyIsImltYWdlX2xvY2F0aW9uIjoic3RyaW5nIiwia2VybmVsX2lkIjoic3RyaW5nIiwibWFuYWdlX2Vic19zbmFwc2hvdHMiOiJib29sIiwibmFtZSI6InN0cmluZyIsInJhbWRpc2tfaWQiOiJzdHJpbmciLCJyb290X2RldmljZV9uYW1lIjoic3RyaW5nIiwicm9vdF9zbmFwc2hvdF9pZCI6InN0cmluZyIsInNyaW92X25ldF9zdXBwb3J0Ijoic3RyaW5nIiwidGFncyI6WyJtYXAiLCJzdHJpbmciXSwidGltZW91dHMiOlsib2JqZWN0Iix7ImNyZWF0ZSI6InN0cmluZyIsImRlbGV0ZSI6InN0cmluZyIsInVwZGF0ZSI6InN0cmluZyJ9XSwidmlydHVhbGl6YXRpb25fdHlwZSI6InN0cmluZyJ9XQ==","Val":"eyJhcmNoaXRlY3R1cmUiOiJ4ODZfNjQiLCJhcm4iOiJhcm46YXdzOmVjMjpldS13ZXN0LTM6OmltYWdlL2FtaS0wMjU5NjJmZDhiNDU2NzMxZiIsImRlc2NyaXB0aW9uIjoiIiwiZWJzX2Jsb2NrX2RldmljZSI6W3siZGVsZXRlX29uX3Rlcm1pbmF0aW9uIjp0cnVlLCJkZXZpY2VfbmFtZSI6Ii9kZXYveHZkYSIsImVuY3J5cHRlZCI6ZmFsc2UsImlvcHMiOjAsInNuYXBzaG90X2lkIjoic25hcC0wOTUwYzUwMzVlNmQxNTQxOCIsInZvbHVtZV9zaXplIjo4LCJ2b2x1bWVfdHlwZSI6ImdwMiJ9XSwiZW5hX3N1cHBvcnQiOnRydWUsImVwaGVtZXJhbF9ibG9ja19kZXZpY2UiOltdLCJpZCI6ImFtaS0wMjU5NjJmZDhiNDU2NzMxZiIsImltYWdlX2xvY2F0aW9uIjoiMDQ3MDgxMDE0MzE1L2ZvbyIsImtlcm5lbF9pZCI6IiIsIm1hbmFnZV9lYnNfc25hcHNob3RzIjpudWxsLCJuYW1lIjoiZm9vIiwicmFtZGlza19pZCI6IiIsInJvb3RfZGV2aWNlX25hbWUiOiIvZGV2L3h2ZGEiLCJyb290X3NuYXBzaG90X2lkIjoic25hcC0wOTUwYzUwMzVlNmQxNTQxOCIsInNyaW92X25ldF9zdXBwb3J0Ijoic2ltcGxlIiwidGFncyI6e30sInRpbWVvdXRzIjp7ImNyZWF0ZSI6bnVsbCwiZGVsZXRlIjpudWxsLCJ1cGRhdGUiOm51bGx9LCJ2aXJ0dWFsaXphdGlvbl90eXBlIjoiaHZtIn0=","Err":null}