{
 "Typ": "WyJvYmplY3QiLHsiY3JlYXRlX2RlZmF1bHRfbWFpbnRhaW5lciI6ImJvb2wiLCJkZXNjcmlwdGlvbiI6InN0cmluZyIsImV0YWciOiJzdHJpbmciLCJpZCI6InN0cmluZyIsImxkYXBfZG4iOiJzdHJpbmciLCJtZW1iZXJzX2NvdW50IjoibnVtYmVyIiwibmFtZSI6InN0cmluZyIsIm5vZGVfaWQiOiJzdHJpbmciLCJwYXJlbnRfdGVhbV9pZCI6Im51bWJlciIsInByaXZhY3kiOiJzdHJpbmciLCJzbHVnIjoic3RyaW5nIn1d",
 "Val": "eyJjcmVhdGVfZGVmYXVsdF9tYWludGFpbmVyIjpudWxsLCJkZXNjcmlwdGlvbiI6InRlc3QiLCJldGFnIjoiVy9cIjc5YTg2NWI1MjFjOTcwZTRjYmYyZGMwMDU1MmYxMzQ1MGQyYzVhMjM5MjczZTMxMTdlZTg3MWIzZGY1ZmQwNWVcIiIsImlkIjoiNDU1NjgxMSIsImxkYXBfZG4iOiIiLCJtZW1iZXJzX2NvdW50IjowLCJuYW1lIjoidGVhbTEiLCJub2RlX2lkIjoiTURRNlZHVmhiVFExTlRZNE1URT0iLCJwYXJlbnRfdGVhbV9pZCI6bnVsbCwicHJpdmFjeSI6ImNsb3NlZCIsInNsdWciOiJ0ZWFtMSJ9",
 "Err": null
}