{
 "Typ": "WyJvYmplY3QiLHsiYXJuIjoic3RyaW5nIiwiYmxvY2tfZGV2aWNlX21hcHBpbmdzIjpbImxpc3QiLFsib2JqZWN0Iix7ImRldmljZV9uYW1lIjoic3RyaW5nIiwiZWJzIjpbImxpc3QiLFsib2JqZWN0Iix7ImRlbGV0ZV9vbl90ZXJtaW5hdGlvbiI6InN0cmluZyIsImVuY3J5cHRlZCI6InN0cmluZyIsImlvcHMiOiJudW1iZXIiLCJrbXNfa2V5X2lkIjoic3RyaW5nIiwic25hcHNob3RfaWQiOiJzdHJpbmciLCJ2b2x1bWVfc2l6ZSI6Im51bWJlciIsInZvbHVtZV90eXBlIjoic3RyaW5nIn1dXSwibm9fZGV2aWNlIjoic3RyaW5nIiwidmlydHVhbF9uYW1lIjoic3RyaW5nIn1dXSwiY2FwYWNpdHlfcmVzZXJ2YXRpb25fc3BlY2lmaWNhdGlvbiI6WyJsaXN0IixbIm9iamVjdCIseyJjYXBhY2l0eV9yZXNlcnZhdGlvbl9wcmVmZXJlbmNlIjoic3RyaW5nIiwiY2FwYWNpdHlfcmVzZXJ2YXRpb25fdGFyZ2V0IjpbImxpc3QiLFsib2JqZWN0Iix7ImNhcGFjaXR5X3Jlc2VydmF0aW9uX2lkIjoic3RyaW5nIn1dXX1dXSwiY3B1X29wdGlvbnMiOlsibGlzdCIsWyJvYmplY3QiLHsiY29yZV9jb3VudCI6Im51bWJlciIsInRocmVhZHNfcGVyX2NvcmUiOiJudW1iZXIifV1dLCJjcmVkaXRfc3BlY2lmaWNhdGlvbiI6WyJsaXN0IixbIm9iamVjdCIseyJjcHVfY3JlZGl0cyI6InN0cmluZyJ9XV0sImRlZmF1bHRfdmVyc2lvbiI6Im51bWJlciIsImRlc2NyaXB0aW9uIjoic3RyaW5nIiwiZGlzYWJsZV9hcGlfdGVybWluYXRpb24iOiJib29sIiwiZWJzX29wdGltaXplZCI6InN0cmluZyIsImVsYXN0aWNfZ3B1X3NwZWNpZmljYXRpb25zIjpbImxpc3QiLFsib2JqZWN0Iix7InR5cGUiOiJzdHJpbmcifV1dLCJlbGFzdGljX2luZmVyZW5jZV9hY2NlbGVyYXRvciI6WyJsaXN0IixbIm9iamVjdCIseyJ0eXBlIjoic3RyaW5nIn1dXSwiaGliZXJuYXRpb25fb3B0aW9ucyI6WyJsaXN0IixbIm9iamVjdCIseyJjb25maWd1cmVkIjoiYm9vbCJ9XV0sImlhbV9pbnN0YW5jZV9wcm9maWxlIjpbImxpc3QiLFsib2JqZWN0Iix7ImFybiI6InN0cmluZyIsIm5hbWUiOiJzdHJpbmcifV1dLCJpZCI6InN0cmluZyIsImltYWdlX2lkIjoic3RyaW5nIiwiaW5zdGFuY2VfaW5pdGlhdGVkX3NodXRkb3duX2JlaGF2aW9yIjoic3RyaW5nIiwiaW5zdGFuY2VfbWFya2V0X29wdGlvbnMiOlsibGlzdCIsWyJvYmplY3QiLHsibWFya2V0X3R5cGUiOiJzdHJpbmciLCJzcG90X29wdGlvbnMiOlsibGlzdCIsWyJvYmplY3QiLHsiYmxvY2tfZHVyYXRpb25fbWludXRlcyI6Im51bWJlciIsImluc3RhbmNlX2ludGVycnVwdGlvbl9iZWhhdmlvciI6InN0cmluZyIsIm1heF9wcmljZSI6InN0cmluZyIsInNwb3RfaW5zdGFuY2VfdHlwZSI6InN0cmluZyIsInZhbGlkX3VudGlsIjoic3RyaW5nIn1dXX1dXSwiaW5zdGFuY2VfdHlwZSI6InN0cmluZyIsImtlcm5lbF9pZCI6InN0cmluZyIsImtleV9uYW1lIjoic3RyaW5nIiwibGF0ZXN0X3ZlcnNpb24iOiJudW1iZXIiLCJsaWNlbnNlX3NwZWNpZmljYXRpb24iOlsic2V0IixbIm9iamVjdCIseyJsaWNlbnNlX2NvbmZpZ3VyYXRpb25fYXJuIjoic3RyaW5nIn1dXSwibWV0YWRhdGFfb3B0aW9ucyI6WyJsaXN0IixbIm9iamVjdCIseyJodHRwX2VuZHBvaW50Ijoic3RyaW5nIiwiaHR0cF9wdXRfcmVzcG9uc2VfaG9wX2xpbWl0IjoibnVtYmVyIiwiaHR0cF90b2tlbnMiOiJzdHJpbmcifV1dLCJtb25pdG9yaW5nIjpbImxpc3QiLFsib2JqZWN0Iix7ImVuYWJsZWQiOiJib29sIn1dXSwibmFtZSI6InN0cmluZyIsIm5hbWVfcHJlZml4Ijoic3RyaW5nIiwibmV0d29ya19pbnRlcmZhY2VzIjpbImxpc3QiLFsib2JqZWN0Iix7ImFzc29jaWF0ZV9wdWJsaWNfaXBfYWRkcmVzcyI6InN0cmluZyIsImRlbGV0ZV9vbl90ZXJtaW5hdGlvbiI6InN0cmluZyIsImRlc2NyaXB0aW9uIjoic3RyaW5nIiwiZGV2aWNlX2luZGV4IjoibnVtYmVyIiwiaXB2NF9hZGRyZXNzX2NvdW50IjoibnVtYmVyIiwiaXB2NF9hZGRyZXNzZXMiOlsic2V0Iiwic3RyaW5nIl0sImlwdjZfYWRkcmVzc19jb3VudCI6Im51bWJlciIsImlwdjZfYWRkcmVzc2VzIjpbInNldCIsInN0cmluZyJdLCJuZXR3b3JrX2ludGVyZmFjZV9pZCI6InN0cmluZyIsInByaXZhdGVfaXBfYWRkcmVzcyI6InN0cmluZyIsInNlY3VyaXR5X2dyb3VwcyI6WyJzZXQiLCJzdHJpbmciXSwic3VibmV0X2lkIjoic3RyaW5nIn1dXSwicGxhY2VtZW50IjpbImxpc3QiLFsib2JqZWN0Iix7ImFmZmluaXR5Ijoic3RyaW5nIiwiYXZhaWxhYmlsaXR5X3pvbmUiOiJzdHJpbmciLCJncm91cF9uYW1lIjoic3RyaW5nIiwiaG9zdF9pZCI6InN0cmluZyIsInBhcnRpdGlvbl9udW1iZXIiOiJudW1iZXIiLCJzcHJlYWRfZG9tYWluIjoic3RyaW5nIiwidGVuYW5jeSI6InN0cmluZyJ9XV0sInJhbV9kaXNrX2lkIjoic3RyaW5nIiwic2VjdXJpdHlfZ3JvdXBfbmFtZXMiOlsic2V0Iiwic3RyaW5nIl0sInRhZ19zcGVjaWZpY2F0aW9ucyI6WyJsaXN0IixbIm9iamVjdCIseyJyZXNvdXJjZV90eXBlIjoic3RyaW5nIiwidGFncyI6WyJtYXAiLCJzdHJpbmciXX1dXSwidGFncyI6WyJtYXAiLCJzdHJpbmciXSwidXBkYXRlX2RlZmF1bHRfdmVyc2lvbiI6ImJvb2wiLCJ1c2VyX2RhdGEiOiJzdHJpbmciLCJ2cGNfc2VjdXJpdHlfZ3JvdXBfaWRzIjpbInNldCIsInN0cmluZyJdfV0=",
 "Val": "eyJhcm4iOiJhcm46YXdzOmVjMjp1cy1lYXN0LTE6NTMzOTQ4MTI0ODc5OmxhdW5jaC10ZW1wbGF0ZS9sdC0wMGIyZDE4YzZjZWU3ZmUyMyIsImJsb2NrX2RldmljZV9tYXBwaW5ncyI6W10sImNhcGFjaXR5X3Jlc2VydmF0aW9uX3NwZWNpZmljYXRpb24iOltdLCJjcHVfb3B0aW9ucyI6W10sImNyZWRpdF9zcGVjaWZpY2F0aW9uIjpbXSwiZGVmYXVsdF92ZXJzaW9uIjoxLCJkZXNjcmlwdGlvbiI6IiIsImRpc2FibGVfYXBpX3Rlcm1pbmF0aW9uIjpmYWxzZSwiZWJzX29wdGltaXplZCI6IiIsImVsYXN0aWNfZ3B1X3NwZWNpZmljYXRpb25zIjpbXSwiZWxhc3RpY19pbmZlcmVuY2VfYWNjZWxlcmF0b3IiOltdLCJoaWJlcm5hdGlvbl9vcHRpb25zIjpbXSwiaWFtX2luc3RhbmNlX3Byb2ZpbGUiOltdLCJpZCI6Imx0LTAwYjJkMThjNmNlZTdmZTIzIiwiaW1hZ2VfaWQiOiJhbWktMDAwYjNhMDczZmMyMGU0MTUiLCJpbnN0YW5jZV9pbml0aWF0ZWRfc2h1dGRvd25fYmVoYXZpb3IiOiIiLCJpbnN0YW5jZV9tYXJrZXRfb3B0aW9ucyI6W10sImluc3RhbmNlX3R5cGUiOiJ0My5taWNybyIsImtlcm5lbF9pZCI6IiIsImtleV9uYW1lIjoiIiwibGF0ZXN0X3ZlcnNpb24iOjEsImxpY2Vuc2Vfc3BlY2lmaWNhdGlvbiI6W10sIm1ldGFkYXRhX29wdGlvbnMiOltdLCJtb25pdG9yaW5nIjpbXSwibmFtZSI6InRlc3QtdGVtcGxhdGUtMiIsIm5hbWVfcHJlZml4IjpudWxsLCJuZXR3b3JrX2ludGVyZmFjZXMiOltdLCJwbGFjZW1lbnQiOltdLCJyYW1fZGlza19pZCI6IiIsInNlY3VyaXR5X2dyb3VwX25hbWVzIjpbXSwidGFnX3NwZWNpZmljYXRpb25zIjpbXSwidGFncyI6e30sInVwZGF0ZV9kZWZhdWx0X3ZlcnNpb24iOm51bGwsInVzZXJfZGF0YSI6IiIsInZwY19zZWN1cml0eV9ncm91cF9pZHMiOltdfQ==",
 "Err": null
}