{
 "Typ": "WyJvYmplY3QiLHsiYXJuIjoic3RyaW5nIiwiaWQiOiJzdHJpbmciLCJvd25lcl9pZCI6InN0cmluZyIsInRhZ3MiOlsibWFwIiwic3RyaW5nIl0sInZwY19pZCI6InN0cmluZyJ9XQ==",
 "Val": "eyJhcm4iOiJhcm46YXdzOmVjMjpldS13ZXN0LTM6MDQ3MDgxMDE0MzE1OmludGVybmV0LWdhdGV3YXkvaWd3LTA0N2I0ODdmNWM2MGZjYTk5IiwiaWQiOiJpZ3ctMDQ3YjQ4N2Y1YzYwZmNhOTkiLCJvd25lcl9pZCI6IjA0NzA4MTAxNDMxNSIsInRhZ3MiOnsiTmFtZSI6ImZvbyJ9LCJ2cGNfaWQiOiJ2cGMtMGE0MTY2MGRjODZjOGRlNWUifQ==",
 "Err": null
}